=============================================
Dataset: epilepsy
Method:  TS-TCC
Mode:    supervised
=============================================
Data loaded ...
Training started ....

Epoch : 1
Train Loss     : 0.1863	 | 	Train Accuracy     : 0.9301
Valid Loss     : 0.6260	 | 	Valid Accuracy     : 0.8560

Epoch : 2
Train Loss     : 0.1360	 | 	Train Accuracy     : 0.9509
Valid Loss     : 0.2981	 | 	Valid Accuracy     : 0.9208

Epoch : 3
Train Loss     : 0.1236	 | 	Train Accuracy     : 0.9557
Valid Loss     : 0.2611	 | 	Valid Accuracy     : 0.9297

Epoch : 4
Train Loss     : 0.1078	 | 	Train Accuracy     : 0.9592
Valid Loss     : 0.2044	 | 	Valid Accuracy     : 0.9414

Epoch : 5
Train Loss     : 0.1002	 | 	Train Accuracy     : 0.9624
Valid Loss     : 0.2668	 | 	Valid Accuracy     : 0.9369

Epoch : 6
Train Loss     : 0.0906	 | 	Train Accuracy     : 0.9677
Valid Loss     : 0.1687	 | 	Valid Accuracy     : 0.9492

Epoch : 7
Train Loss     : 0.0815	 | 	Train Accuracy     : 0.9722
Valid Loss     : 0.2299	 | 	Valid Accuracy     : 0.9414

Epoch : 8
Train Loss     : 0.0759	 | 	Train Accuracy     : 0.9729
Valid Loss     : 0.1714	 | 	Valid Accuracy     : 0.9487

Epoch : 9
Train Loss     : 0.0721	 | 	Train Accuracy     : 0.9740
Valid Loss     : 0.2171	 | 	Valid Accuracy     : 0.9431

Epoch : 10
Train Loss     : 0.0738	 | 	Train Accuracy     : 0.9734
Valid Loss     : 0.1398	 | 	Valid Accuracy     : 0.9548

Epoch : 11
Train Loss     : 0.0691	 | 	Train Accuracy     : 0.9751
Valid Loss     : 0.1291	 | 	Valid Accuracy     : 0.9559

Epoch : 12
Train Loss     : 0.0640	 | 	Train Accuracy     : 0.9760
Valid Loss     : 0.1208	 | 	Valid Accuracy     : 0.9593

Epoch : 13
Train Loss     : 0.0611	 | 	Train Accuracy     : 0.9783
Valid Loss     : 0.1579	 | 	Valid Accuracy     : 0.9548

Epoch : 14
Train Loss     : 0.0607	 | 	Train Accuracy     : 0.9779
Valid Loss     : 0.1018	 | 	Valid Accuracy     : 0.9643

Epoch : 15
Train Loss     : 0.0604	 | 	Train Accuracy     : 0.9772
Valid Loss     : 0.0851	 | 	Valid Accuracy     : 0.9693

Epoch : 16
Train Loss     : 0.0596	 | 	Train Accuracy     : 0.9771
Valid Loss     : 0.1290	 | 	Valid Accuracy     : 0.9598

Epoch : 17
Train Loss     : 0.0567	 | 	Train Accuracy     : 0.9782
Valid Loss     : 0.1500	 | 	Valid Accuracy     : 0.9542

Epoch : 18
Train Loss     : 0.0526	 | 	Train Accuracy     : 0.9808
Valid Loss     : 0.1026	 | 	Valid Accuracy     : 0.9665

Epoch : 19
Train Loss     : 0.0518	 | 	Train Accuracy     : 0.9799
Valid Loss     : 0.1029	 | 	Valid Accuracy     : 0.9660

Epoch : 20
Train Loss     : 0.0522	 | 	Train Accuracy     : 0.9827
Valid Loss     : 0.1271	 | 	Valid Accuracy     : 0.9604

Epoch : 21
Train Loss     : 0.0491	 | 	Train Accuracy     : 0.9819
Valid Loss     : 0.1315	 | 	Valid Accuracy     : 0.9598

Epoch : 22
Train Loss     : 0.0474	 | 	Train Accuracy     : 0.9848
Valid Loss     : 0.1076	 | 	Valid Accuracy     : 0.9637

Epoch : 23
Train Loss     : 0.0463	 | 	Train Accuracy     : 0.9831
Valid Loss     : 0.1006	 | 	Valid Accuracy     : 0.9665

Epoch : 24
Train Loss     : 0.0444	 | 	Train Accuracy     : 0.9834
Valid Loss     : 0.1102	 | 	Valid Accuracy     : 0.9648

Epoch : 25
Train Loss     : 0.0443	 | 	Train Accuracy     : 0.9857
Valid Loss     : 0.0906	 | 	Valid Accuracy     : 0.9699

Epoch : 26
Train Loss     : 0.0449	 | 	Train Accuracy     : 0.9851
Valid Loss     : 0.1015	 | 	Valid Accuracy     : 0.9682

Epoch : 27
Train Loss     : 0.0399	 | 	Train Accuracy     : 0.9877
Valid Loss     : 0.0897	 | 	Valid Accuracy     : 0.9699

Epoch : 28
Train Loss     : 0.0389	 | 	Train Accuracy     : 0.9873
Valid Loss     : 0.0869	 | 	Valid Accuracy     : 0.9704

Epoch : 29
Train Loss     : 0.0372	 | 	Train Accuracy     : 0.9874
Valid Loss     : 0.0915	 | 	Valid Accuracy     : 0.9699

Epoch : 30
Train Loss     : 0.0386	 | 	Train Accuracy     : 0.9881
Valid Loss     : 0.0913	 | 	Valid Accuracy     : 0.9699

Epoch : 31
Train Loss     : 0.0379	 | 	Train Accuracy     : 0.9882
Valid Loss     : 0.0931	 | 	Valid Accuracy     : 0.9699

Epoch : 32
Train Loss     : 0.0369	 | 	Train Accuracy     : 0.9886
Valid Loss     : 0.0832	 | 	Valid Accuracy     : 0.9715

Epoch : 33
Train Loss     : 0.0374	 | 	Train Accuracy     : 0.9877
Valid Loss     : 0.0856	 | 	Valid Accuracy     : 0.9710

Epoch : 34
Train Loss     : 0.0366	 | 	Train Accuracy     : 0.9879
Valid Loss     : 0.0878	 | 	Valid Accuracy     : 0.9715

Epoch : 35
Train Loss     : 0.0374	 | 	Train Accuracy     : 0.9878
Valid Loss     : 0.0856	 | 	Valid Accuracy     : 0.9715

Epoch : 36
Train Loss     : 0.0356	 | 	Train Accuracy     : 0.9882
Valid Loss     : 0.0868	 | 	Valid Accuracy     : 0.9715

Epoch : 37
Train Loss     : 0.0363	 | 	Train Accuracy     : 0.9875
Valid Loss     : 0.0921	 | 	Valid Accuracy     : 0.9704

Epoch : 38
Train Loss     : 0.0355	 | 	Train Accuracy     : 0.9888
Valid Loss     : 0.0859	 | 	Valid Accuracy     : 0.9710

Epoch : 39
Train Loss     : 0.0372	 | 	Train Accuracy     : 0.9889
Valid Loss     : 0.0835	 | 	Valid Accuracy     : 0.9715

Epoch : 40
Train Loss     : 0.0366	 | 	Train Accuracy     : 0.9882
Valid Loss     : 0.0924	 | 	Valid Accuracy     : 0.9704

Evaluate on the Test set:
Test loss      :0.0972	 | Test Accuracy      : 0.9717

################## Training is Done! #########################
Training time is : 0:00:25.158500
